[www.admision.unmsm.edu.pe/admisionsabado/index.html]
[backblue.gif]
[fade.gif]
[index.html]
[www.admision.unmsm.edu.pe/admisionsabado/css/estilos.css]
[www.admision.unmsm.edu.pe/admisionsabado/C.html]
[www.admision.unmsm.edu.pe/admisionsabado/J.html]
[www.admision.unmsm.edu.pe/admisionsabado/N.html]
[www.admision.unmsm.edu.pe/admisionsabado/index.html]
[www.admision.unmsm.edu.pe/admisionsabado/css/estilos.css]
[www.admision.unmsm.edu.pe/admisionsabado/C/013/0.html]
[www.admision.unmsm.edu.pe/admisionsabado/C/041/0.html]
[www.admision.unmsm.edu.pe/admisionsabado/C/042/0.html]
[www.admision.unmsm.edu.pe/admisionsabado/C/043/0.html]
[www.admision.unmsm.edu.pe/admisionsabado/C/051/0.html]
[www.admision.unmsm.edu.pe/admisionsabado/C/071/0.html]
[www.admision.unmsm.edu.pe/admisionsabado/C/072/0.html]
[www.admision.unmsm.edu.pe/admisionsabado/C/073/0.html]
[www.admision.unmsm.edu.pe/admisionsabado/C/081/0.html]
[www.admision.unmsm.edu.pe/admisionsabado/C/101/0.html]
[www.admision.unmsm.edu.pe/admisionsabado/C/102/0.html]
[www.admision.unmsm.edu.pe/admisionsabado/C/103/0.html]
[www.admision.unmsm.edu.pe/admisionsabado/C/131/0.html]
[www.admision.unmsm.edu.pe/admisionsabado/C/132/0.html]
[www.admision.unmsm.edu.pe/admisionsabado/C/141/0.html]
[www.admision.unmsm.edu.pe/admisionsabado/C/142/0.html]
[www.admision.unmsm.edu.pe/admisionsabado/C/144/0.html]
[www.admision.unmsm.edu.pe/admisionsabado/C/162/0.html]
[www.admision.unmsm.edu.pe/admisionsabado/C/163/0.html]
[www.admision.unmsm.edu.pe/admisionsabado/C/165/0.html]
[www.admision.unmsm.edu.pe/admisionsabado/C/166/0.html]
[www.admision.unmsm.edu.pe/admisionsabado/C/167/0.html]
[www.admision.unmsm.edu.pe/admisionsabado/C/171/0.html]
[www.admision.unmsm.edu.pe/admisionsabado/C/172/0.html]
[www.admision.unmsm.edu.pe/admisionsabado/C/181/0.html]
[www.admision.unmsm.edu.pe/admisionsabado/C/191/0.html]
[www.admision.unmsm.edu.pe/admisionsabado/C/192/0.html]
[www.admision.unmsm.edu.pe/admisionsabado/C/193/0.html]
[www.admision.unmsm.edu.pe/admisionsabado/C/201/0.html]
[www.admision.unmsm.edu.pe/admisionsabado/C/202/0.html]
[www.admision.unmsm.edu.pe/admisionsabado/C.html]
[www.admision.unmsm.edu.pe/admisionsabado/J/191/0.html]
[www.admision.unmsm.edu.pe/admisionsabado/J.html]
[www.admision.unmsm.edu.pe/admisionsabado/N/011/0.html]
[www.admision.unmsm.edu.pe/admisionsabado/N/0142/0.html]
[www.admision.unmsm.edu.pe/admisionsabado/N/0144/0.html]
[www.admision.unmsm.edu.pe/admisionsabado/N/051/0.html]
[www.admision.unmsm.edu.pe/admisionsabado/N/073/0.html]
[www.admision.unmsm.edu.pe/admisionsabado/N/142/0.html]
[www.admision.unmsm.edu.pe/admisionsabado/N/167/0.html]
[www.admision.unmsm.edu.pe/admisionsabado/N/171/0.html]
[www.admision.unmsm.edu.pe/admisionsabado/N/181/0.html]
[www.admision.unmsm.edu.pe/admisionsabado/N.html]
[www.admision.unmsm.edu.pe/admisionsabado/O.html]
[www.admision.unmsm.edu.pe/admisionsabado/A.html]
[www.admision.unmsm.edu.pe/admisionsabado/C/011/0.html]
[www.admision.unmsm.edu.pe/admisionsabado/C/012/0.html]
[www.admision.unmsm.edu.pe/admisionsabado/C/013/0.html]
[www.admision.unmsm.edu.pe/admisionsabado/C/0141/0.html]
[www.admision.unmsm.edu.pe/admisionsabado/C/0142/0.html]
[www.admision.unmsm.edu.pe/admisionsabado/C/0143/0.html]
[www.admision.unmsm.edu.pe/admisionsabado/C/0144/0.html]
[www.admision.unmsm.edu.pe/admisionsabado/C/041/0.html]
[www.admision.unmsm.edu.pe/admisionsabado/C/042/0.html]
[www.admision.unmsm.edu.pe/admisionsabado/C/043/0.html]
[www.admision.unmsm.edu.pe/admisionsabado/C/051/0.html]
[www.admision.unmsm.edu.pe/admisionsabado/C/071/0.html]
[www.admision.unmsm.edu.pe/admisionsabado/C/072/0.html]
[www.admision.unmsm.edu.pe/admisionsabado/C/073/0.html]
[www.admision.unmsm.edu.pe/admisionsabado/C/081/0.html]
[www.admision.unmsm.edu.pe/admisionsabado/C/101/0.html]
[www.admision.unmsm.edu.pe/admisionsabado/C/102/0.html]
[www.admision.unmsm.edu.pe/admisionsabado/C/103/0.html]
[www.admision.unmsm.edu.pe/admisionsabado/C/131/0.html]
[www.admision.unmsm.edu.pe/admisionsabado/C/132/0.html]
[www.admision.unmsm.edu.pe/admisionsabado/C/141/0.html]
[www.admision.unmsm.edu.pe/admisionsabado/C/142/0.html]
[www.admision.unmsm.edu.pe/admisionsabado/C/144/0.html]
[www.admision.unmsm.edu.pe/admisionsabado/C/162/0.html]
[www.admision.unmsm.edu.pe/admisionsabado/C/163/0.html]
[www.admision.unmsm.edu.pe/admisionsabado/C/165/0.html]
[www.admision.unmsm.edu.pe/admisionsabado/C/166/0.html]
[www.admision.unmsm.edu.pe/admisionsabado/C/167/0.html]
[www.admision.unmsm.edu.pe/admisionsabado/C/171/1.html]
[www.admision.unmsm.edu.pe/admisionsabado/C/171/2.html]
[www.admision.unmsm.edu.pe/admisionsabado/C/171/0.html]
[www.admision.unmsm.edu.pe/admisionsabado/C/172/0.html]
[www.admision.unmsm.edu.pe/admisionsabado/C/181/0.html]
[www.admision.unmsm.edu.pe/admisionsabado/C/191/0.html]
[www.admision.unmsm.edu.pe/admisionsabado/C/192/0.html]
[www.admision.unmsm.edu.pe/admisionsabado/C/193/0.html]
[www.admision.unmsm.edu.pe/admisionsabado/C/201/0.html]
[www.admision.unmsm.edu.pe/admisionsabado/C/202/0.html]
[www.admision.unmsm.edu.pe/admisionsabado/J/191/0.html]
[www.admision.unmsm.edu.pe/admisionsabado/N/011/0.html]
[www.admision.unmsm.edu.pe/admisionsabado/N/0142/0.html]
[www.admision.unmsm.edu.pe/admisionsabado/N/0144/0.html]
[www.admision.unmsm.edu.pe/admisionsabado/N/051/0.html]
[www.admision.unmsm.edu.pe/admisionsabado/N/073/0.html]
[www.admision.unmsm.edu.pe/admisionsabado/N/142/0.html]
[www.admision.unmsm.edu.pe/admisionsabado/N/167/0.html]
[www.admision.unmsm.edu.pe/admisionsabado/N/171/0.html]
[www.admision.unmsm.edu.pe/admisionsabado/N/181/0.html]
[www.admision.unmsm.edu.pe/admisionsabado/O/051/0.html]
[www.admision.unmsm.edu.pe/admisionsabado/O/102/0.html]
[www.admision.unmsm.edu.pe/admisionsabado/O/191/0.html]
[www.admision.unmsm.edu.pe/admisionsabado/O/202/0.html]
[www.admision.unmsm.edu.pe/admisionsabado/O.html]
[www.admision.unmsm.edu.pe/admisionsabado/A/011/0.html]
[www.admision.unmsm.edu.pe/admisionsabado/A/012/0.html]
[www.admision.unmsm.edu.pe/admisionsabado/A/013/0.html]
[www.admision.unmsm.edu.pe/admisionsabado/A/0141/0.html]
[www.admision.unmsm.edu.pe/admisionsabado/A/0142/0.html]
[www.admision.unmsm.edu.pe/admisionsabado/A/0143/0.html]
[www.admision.unmsm.edu.pe/admisionsabado/A/0144/0.html]
[www.admision.unmsm.edu.pe/admisionsabado/A/015/0.html]
[www.admision.unmsm.edu.pe/admisionsabado/A/041/0.html]
[www.admision.unmsm.edu.pe/admisionsabado/A/042/0.html]
[www.admision.unmsm.edu.pe/admisionsabado/A/043/0.html]
[www.admision.unmsm.edu.pe/admisionsabado/A/051/0.html]
[www.admision.unmsm.edu.pe/admisionsabado/A/071/0.html]
[www.admision.unmsm.edu.pe/admisionsabado/A/072/0.html]
[www.admision.unmsm.edu.pe/admisionsabado/A/073/0.html]
[www.admision.unmsm.edu.pe/admisionsabado/A/081/0.html]
[www.admision.unmsm.edu.pe/admisionsabado/A/101/0.html]
[www.admision.unmsm.edu.pe/admisionsabado/A/102/0.html]
[www.admision.unmsm.edu.pe/admisionsabado/A/103/0.html]
[www.admision.unmsm.edu.pe/admisionsabado/A/131/0.html]
[www.admision.unmsm.edu.pe/admisionsabado/A/132/0.html]
[www.admision.unmsm.edu.pe/admisionsabado/A/141/0.html]
[www.admision.unmsm.edu.pe/admisionsabado/A/142/0.html]
[www.admision.unmsm.edu.pe/admisionsabado/A/144/0.html]
[www.admision.unmsm.edu.pe/admisionsabado/A/145/0.html]
[www.admision.unmsm.edu.pe/admisionsabado/A/162/0.html]
[www.admision.unmsm.edu.pe/admisionsabado/A/163/0.html]
[www.admision.unmsm.edu.pe/admisionsabado/A/165/0.html]
[www.admision.unmsm.edu.pe/admisionsabado/A/166/0.html]
[www.admision.unmsm.edu.pe/admisionsabado/A/167/0.html]
[www.admision.unmsm.edu.pe/admisionsabado/A/171/0.html]
[www.admision.unmsm.edu.pe/admisionsabado/A/172/0.html]
[www.admision.unmsm.edu.pe/admisionsabado/A/181/0.html]
[www.admision.unmsm.edu.pe/admisionsabado/A/191/0.html]
[www.admision.unmsm.edu.pe/admisionsabado/A/192/0.html]
[www.admision.unmsm.edu.pe/admisionsabado/A/193/0.html]
[www.admision.unmsm.edu.pe/admisionsabado/A/201/0.html]
[www.admision.unmsm.edu.pe/admisionsabado/A/202/0.html]
[www.admision.unmsm.edu.pe/admisionsabado/A.html]
[www.admision.unmsm.edu.pe/admisionsabado/C/011/1.html]
[www.admision.unmsm.edu.pe/admisionsabado/C/011/2.html]
[www.admision.unmsm.edu.pe/admisionsabado/C/011/0.html]
[www.admision.unmsm.edu.pe/admisionsabado/C/012/0.html]
[www.admision.unmsm.edu.pe/admisionsabado/C/0141/0.html]
[www.admision.unmsm.edu.pe/admisionsabado/C/0142/0.html]
[www.admision.unmsm.edu.pe/admisionsabado/C/0143/0.html]
[www.admision.unmsm.edu.pe/admisionsabado/C/0144/0.html]
[www.admision.unmsm.edu.pe/admisionsabado/C/171/1.html]
[www.admision.unmsm.edu.pe/admisionsabado/C/171/2.html]
[www.admision.unmsm.edu.pe/admisionsabado/O/051/0.html]
[www.admision.unmsm.edu.pe/admisionsabado/O/102/0.html]
[www.admision.unmsm.edu.pe/admisionsabado/O/191/0.html]
[www.admision.unmsm.edu.pe/admisionsabado/O/202/0.html]
[www.admision.unmsm.edu.pe/admisionsabado/A/011/1.html]
[www.admision.unmsm.edu.pe/admisionsabado/A/011/2.html]
[www.admision.unmsm.edu.pe/admisionsabado/A/011/3.html]
[www.admision.unmsm.edu.pe/admisionsabado/A/011/4.html]
[www.admision.unmsm.edu.pe/admisionsabado/A/011/5.html]
[www.admision.unmsm.edu.pe/admisionsabado/A/011/6.html]
[www.admision.unmsm.edu.pe/admisionsabado/A/011/7.html]
[www.admision.unmsm.edu.pe/admisionsabado/A/011/8.html]
[www.admision.unmsm.edu.pe/admisionsabado/A/011/9.html]
[www.admision.unmsm.edu.pe/admisionsabado/A/011/10.html]
[www.admision.unmsm.edu.pe/admisionsabado/A/011/11.html]
[www.admision.unmsm.edu.pe/admisionsabado/A/011/12.html]
[www.admision.unmsm.edu.pe/admisionsabado/A/011/13.html]
[www.admision.unmsm.edu.pe/admisionsabado/A/011/14.html]
[www.admision.unmsm.edu.pe/admisionsabado/A/011/15.html]
[www.admision.unmsm.edu.pe/admisionsabado/A/011/16.html]
[www.admision.unmsm.edu.pe/admisionsabado/A/011/17.html]
[www.admision.unmsm.edu.pe/admisionsabado/A/011/18.html]
[www.admision.unmsm.edu.pe/admisionsabado/A/011/19.html]
[www.admision.unmsm.edu.pe/admisionsabado/A/011/20.html]
[www.admision.unmsm.edu.pe/admisionsabado/A/011/21.html]
[www.admision.unmsm.edu.pe/admisionsabado/A/011/22.html]
[www.admision.unmsm.edu.pe/admisionsabado/A/011/24.html]
[www.admision.unmsm.edu.pe/admisionsabado/A/011/25.html]
[www.admision.unmsm.edu.pe/admisionsabado/A/011/0.html]
[www.admision.unmsm.edu.pe/admisionsabado/A/012/1.html]
[www.admision.unmsm.edu.pe/admisionsabado/A/012/3.html]
[www.admision.unmsm.edu.pe/admisionsabado/A/012/4.html]
[www.admision.unmsm.edu.pe/admisionsabado/A/012/7.html]
[www.admision.unmsm.edu.pe/admisionsabado/A/012/0.html]
[www.admision.unmsm.edu.pe/admisionsabado/A/013/3.html]
[www.admision.unmsm.edu.pe/admisionsabado/A/013/4.html]
[www.admision.unmsm.edu.pe/admisionsabado/A/013/0.html]
[www.admision.unmsm.edu.pe/admisionsabado/A/0141/1.html]
[www.admision.unmsm.edu.pe/admisionsabado/A/0141/0.html]
[www.admision.unmsm.edu.pe/admisionsabado/A/0142/0.html]
[www.admision.unmsm.edu.pe/admisionsabado/A/0142/3.html]
[www.admision.unmsm.edu.pe/admisionsabado/A/0143/1.html]
[www.admision.unmsm.edu.pe/admisionsabado/A/0143/0.html]
[www.admision.unmsm.edu.pe/admisionsabado/A/0144/0.html]
[www.admision.unmsm.edu.pe/admisionsabado/A/015/1.html]
[www.admision.unmsm.edu.pe/admisionsabado/A/015/4.html]
[www.admision.unmsm.edu.pe/admisionsabado/A/015/0.html]
[www.admision.unmsm.edu.pe/admisionsabado/A/041/3.html]
[www.admision.unmsm.edu.pe/admisionsabado/A/041/0.html]
[www.admision.unmsm.edu.pe/admisionsabado/A/042/0.html]
[www.admision.unmsm.edu.pe/admisionsabado/A/043/0.html]
[www.admision.unmsm.edu.pe/admisionsabado/A/051/3.html]
[www.admision.unmsm.edu.pe/admisionsabado/A/051/0.html]
[www.admision.unmsm.edu.pe/admisionsabado/A/071/1.html]
[www.admision.unmsm.edu.pe/admisionsabado/A/071/3.html]
[www.admision.unmsm.edu.pe/admisionsabado/A/071/0.html]
[www.admision.unmsm.edu.pe/admisionsabado/A/072/1.html]
[www.admision.unmsm.edu.pe/admisionsabado/A/072/5.html]
[www.admision.unmsm.edu.pe/admisionsabado/A/072/0.html]
[www.admision.unmsm.edu.pe/admisionsabado/A/073/1.html]
[www.admision.unmsm.edu.pe/admisionsabado/A/073/3.html]
[www.admision.unmsm.edu.pe/admisionsabado/A/073/0.html]
[www.admision.unmsm.edu.pe/admisionsabado/A/081/1.html]
[www.admision.unmsm.edu.pe/admisionsabado/A/081/2.html]
[www.admision.unmsm.edu.pe/admisionsabado/A/081/4.html]
[www.admision.unmsm.edu.pe/admisionsabado/A/081/5.html]
[www.admision.unmsm.edu.pe/admisionsabado/A/081/0.html]
[www.admision.unmsm.edu.pe/admisionsabado/A/101/1.html]
[www.admision.unmsm.edu.pe/admisionsabado/A/101/4.html]
[www.admision.unmsm.edu.pe/admisionsabado/A/101/0.html]
[www.admision.unmsm.edu.pe/admisionsabado/A/102/1.html]
[www.admision.unmsm.edu.pe/admisionsabado/A/102/0.html]
[www.admision.unmsm.edu.pe/admisionsabado/A/103/0.html]
[www.admision.unmsm.edu.pe/admisionsabado/A/131/1.html]
[www.admision.unmsm.edu.pe/admisionsabado/A/131/0.html]
[www.admision.unmsm.edu.pe/admisionsabado/A/132/2.html]
[www.admision.unmsm.edu.pe/admisionsabado/A/132/6.html]
[www.admision.unmsm.edu.pe/admisionsabado/A/132/0.html]
[www.admision.unmsm.edu.pe/admisionsabado/A/141/0.html]
[www.admision.unmsm.edu.pe/admisionsabado/A/142/0.html]
[www.admision.unmsm.edu.pe/admisionsabado/A/144/1.html]
[www.admision.unmsm.edu.pe/admisionsabado/A/144/2.html]
[www.admision.unmsm.edu.pe/admisionsabado/A/144/0.html]
[www.admision.unmsm.edu.pe/admisionsabado/A/145/0.html]
[www.admision.unmsm.edu.pe/admisionsabado/A/162/1.html]
[www.admision.unmsm.edu.pe/admisionsabado/A/162/5.html]
[www.admision.unmsm.edu.pe/admisionsabado/A/162/7.html]
[www.admision.unmsm.edu.pe/admisionsabado/A/162/0.html]
[www.admision.unmsm.edu.pe/admisionsabado/A/163/1.html]
[www.admision.unmsm.edu.pe/admisionsabado/A/163/2.html]
[www.admision.unmsm.edu.pe/admisionsabado/A/163/3.html]
[www.admision.unmsm.edu.pe/admisionsabado/A/163/0.html]
[www.admision.unmsm.edu.pe/admisionsabado/A/165/2.html]
[www.admision.unmsm.edu.pe/admisionsabado/A/165/4.html]
[www.admision.unmsm.edu.pe/admisionsabado/A/165/6.html]
[www.admision.unmsm.edu.pe/admisionsabado/A/165/9.html]
[www.admision.unmsm.edu.pe/admisionsabado/A/165/10.html]
[www.admision.unmsm.edu.pe/admisionsabado/A/165/0.html]
[www.admision.unmsm.edu.pe/admisionsabado/A/166/1.html]
[www.admision.unmsm.edu.pe/admisionsabado/A/166/3.html]
[www.admision.unmsm.edu.pe/admisionsabado/A/166/0.html]
[www.admision.unmsm.edu.pe/admisionsabado/A/167/2.html]
[www.admision.unmsm.edu.pe/admisionsabado/A/167/3.html]
[www.admision.unmsm.edu.pe/admisionsabado/A/167/4.html]
[www.admision.unmsm.edu.pe/admisionsabado/A/167/5.html]
[www.admision.unmsm.edu.pe/admisionsabado/A/167/6.html]
[www.admision.unmsm.edu.pe/admisionsabado/A/167/8.html]
[www.admision.unmsm.edu.pe/admisionsabado/A/167/9.html]
[www.admision.unmsm.edu.pe/admisionsabado/A/167/10.html]
[www.admision.unmsm.edu.pe/admisionsabado/A/167/11.html]
[www.admision.unmsm.edu.pe/admisionsabado/A/167/14.html]
[www.admision.unmsm.edu.pe/admisionsabado/A/167/16.html]
[www.admision.unmsm.edu.pe/admisionsabado/A/167/17.html]
[www.admision.unmsm.edu.pe/admisionsabado/A/167/20.html]
[www.admision.unmsm.edu.pe/admisionsabado/A/167/21.html]
[www.admision.unmsm.edu.pe/admisionsabado/A/167/23.html]
[www.admision.unmsm.edu.pe/admisionsabado/A/167/26.html]
[www.admision.unmsm.edu.pe/admisionsabado/A/167/27.html]
[www.admision.unmsm.edu.pe/admisionsabado/A/167/0.html]
[www.admision.unmsm.edu.pe/admisionsabado/A/171/1.html]
[www.admision.unmsm.edu.pe/admisionsabado/A/171/2.html]
[www.admision.unmsm.edu.pe/admisionsabado/A/171/4.html]
[www.admision.unmsm.edu.pe/admisionsabado/A/171/5.html]
[www.admision.unmsm.edu.pe/admisionsabado/A/171/6.html]
[www.admision.unmsm.edu.pe/admisionsabado/A/171/9.html]
[www.admision.unmsm.edu.pe/admisionsabado/A/171/11.html]
[www.admision.unmsm.edu.pe/admisionsabado/A/171/13.html]
[www.admision.unmsm.edu.pe/admisionsabado/A/171/14.html]
[www.admision.unmsm.edu.pe/admisionsabado/A/171/18.html]
[www.admision.unmsm.edu.pe/admisionsabado/A/171/20.html]
[www.admision.unmsm.edu.pe/admisionsabado/A/171/21.html]
[www.admision.unmsm.edu.pe/admisionsabado/A/171/22.html]
[www.admision.unmsm.edu.pe/admisionsabado/A/171/25.html]
[www.admision.unmsm.edu.pe/admisionsabado/A/171/27.html]
[www.admision.unmsm.edu.pe/admisionsabado/A/171/29.html]
[www.admision.unmsm.edu.pe/admisionsabado/A/171/33.html]
[www.admision.unmsm.edu.pe/admisionsabado/A/171/34.html]
[www.admision.unmsm.edu.pe/admisionsabado/A/171/35.html]
[www.admision.unmsm.edu.pe/admisionsabado/A/171/0.html]
[www.admision.unmsm.edu.pe/admisionsabado/A/172/0.html]
[www.admision.unmsm.edu.pe/admisionsabado/A/181/1.html]
[www.admision.unmsm.edu.pe/admisionsabado/A/181/4.html]
[www.admision.unmsm.edu.pe/admisionsabado/A/181/5.html]
[www.admision.unmsm.edu.pe/admisionsabado/A/181/7.html]
[www.admision.unmsm.edu.pe/admisionsabado/A/181/8.html]
[www.admision.unmsm.edu.pe/admisionsabado/A/181/10.html]
[www.admision.unmsm.edu.pe/admisionsabado/A/181/11.html]
[www.admision.unmsm.edu.pe/admisionsabado/A/181/12.html]
[www.admision.unmsm.edu.pe/admisionsabado/A/181/15.html]
[www.admision.unmsm.edu.pe/admisionsabado/A/181/16.html]
[www.admision.unmsm.edu.pe/admisionsabado/A/181/21.html]
[www.admision.unmsm.edu.pe/admisionsabado/A/181/0.html]
[www.admision.unmsm.edu.pe/admisionsabado/A/191/2.html]
[www.admision.unmsm.edu.pe/admisionsabado/A/191/4.html]
[www.admision.unmsm.edu.pe/admisionsabado/A/191/5.html]
[www.admision.unmsm.edu.pe/admisionsabado/A/191/10.html]
[www.admision.unmsm.edu.pe/admisionsabado/A/191/11.html]
[www.admision.unmsm.edu.pe/admisionsabado/A/191/0.html]
[www.admision.unmsm.edu.pe/admisionsabado/A/192/1.html]
[www.admision.unmsm.edu.pe/admisionsabado/A/192/3.html]
[www.admision.unmsm.edu.pe/admisionsabado/A/192/0.html]
[www.admision.unmsm.edu.pe/admisionsabado/A/192/5.html]
[www.admision.unmsm.edu.pe/admisionsabado/A/193/1.html]
[www.admision.unmsm.edu.pe/admisionsabado/A/193/2.html]
[www.admision.unmsm.edu.pe/admisionsabado/A/193/4.html]
[www.admision.unmsm.edu.pe/admisionsabado/A/193/0.html]
[www.admision.unmsm.edu.pe/admisionsabado/A/201/2.html]
[www.admision.unmsm.edu.pe/admisionsabado/A/201/6.html]
[www.admision.unmsm.edu.pe/admisionsabado/A/201/8.html]
[www.admision.unmsm.edu.pe/admisionsabado/A/201/9.html]
[www.admision.unmsm.edu.pe/admisionsabado/A/201/10.html]
[www.admision.unmsm.edu.pe/admisionsabado/A/201/11.html]
[www.admision.unmsm.edu.pe/admisionsabado/A/201/13.html]
[www.admision.unmsm.edu.pe/admisionsabado/A/201/16.html]
[www.admision.unmsm.edu.pe/admisionsabado/A/201/19.html]
[www.admision.unmsm.edu.pe/admisionsabado/A/201/0.html]
[www.admision.unmsm.edu.pe/admisionsabado/A/202/1.html]
[www.admision.unmsm.edu.pe/admisionsabado/A/202/5.html]
[www.admision.unmsm.edu.pe/admisionsabado/A/202/6.html]
[www.admision.unmsm.edu.pe/admisionsabado/A/202/0.html]
[www.admision.unmsm.edu.pe/admisionsabado/C/011/1.html]
[www.admision.unmsm.edu.pe/admisionsabado/C/011/2.html]
[www.admision.unmsm.edu.pe/admisionsabado/A/011/1.html]
[www.admision.unmsm.edu.pe/admisionsabado/A/011/2.html]
[www.admision.unmsm.edu.pe/admisionsabado/A/011/3.html]
[www.admision.unmsm.edu.pe/admisionsabado/A/011/4.html]
[www.admision.unmsm.edu.pe/admisionsabado/A/011/5.html]
[www.admision.unmsm.edu.pe/admisionsabado/A/011/6.html]
[www.admision.unmsm.edu.pe/admisionsabado/A/011/7.html]
[www.admision.unmsm.edu.pe/admisionsabado/A/011/8.html]
[www.admision.unmsm.edu.pe/admisionsabado/A/011/9.html]
[www.admision.unmsm.edu.pe/admisionsabado/A/011/10.html]
[www.admision.unmsm.edu.pe/admisionsabado/A/011/11.html]
[www.admision.unmsm.edu.pe/admisionsabado/A/011/12.html]
[www.admision.unmsm.edu.pe/admisionsabado/A/011/13.html]
[www.admision.unmsm.edu.pe/admisionsabado/A/011/14.html]
[www.admision.unmsm.edu.pe/admisionsabado/A/011/15.html]
[www.admision.unmsm.edu.pe/admisionsabado/A/011/16.html]
[www.admision.unmsm.edu.pe/admisionsabado/A/011/17.html]
[www.admision.unmsm.edu.pe/admisionsabado/A/011/18.html]
[www.admision.unmsm.edu.pe/admisionsabado/A/011/19.html]
[www.admision.unmsm.edu.pe/admisionsabado/A/011/20.html]
[www.admision.unmsm.edu.pe/admisionsabado/A/011/21.html]
[www.admision.unmsm.edu.pe/admisionsabado/A/011/22.html]
[www.admision.unmsm.edu.pe/admisionsabado/A/011/24.html]
[www.admision.unmsm.edu.pe/admisionsabado/A/011/25.html]
[www.admision.unmsm.edu.pe/admisionsabado/A/011/27.html]
[www.admision.unmsm.edu.pe/admisionsabado/A/011/28.html]
[www.admision.unmsm.edu.pe/admisionsabado/A/011/26.html]
[www.admision.unmsm.edu.pe/admisionsabado/A/011/30.html]
[www.admision.unmsm.edu.pe/admisionsabado/A/011/33.html]
[www.admision.unmsm.edu.pe/admisionsabado/A/011/36.html]
[www.admision.unmsm.edu.pe/admisionsabado/A/011/39.html]
[www.admision.unmsm.edu.pe/admisionsabado/A/012/1.html]
[www.admision.unmsm.edu.pe/admisionsabado/A/012/3.html]
[www.admision.unmsm.edu.pe/admisionsabado/A/012/4.html]
[www.admision.unmsm.edu.pe/admisionsabado/A/012/7.html]
[www.admision.unmsm.edu.pe/admisionsabado/A/013/3.html]
[www.admision.unmsm.edu.pe/admisionsabado/A/013/4.html]
[www.admision.unmsm.edu.pe/admisionsabado/A/0141/1.html]
[www.admision.unmsm.edu.pe/admisionsabado/A/013/6.html]
[www.admision.unmsm.edu.pe/admisionsabado/A/0142/3.html]
[www.admision.unmsm.edu.pe/admisionsabado/A/0143/1.html]
[www.admision.unmsm.edu.pe/admisionsabado/A/0142/2.html]
[www.admision.unmsm.edu.pe/admisionsabado/A/015/1.html]
[www.admision.unmsm.edu.pe/admisionsabado/A/0144/1.html]
[www.admision.unmsm.edu.pe/admisionsabado/A/015/3.html]
[www.admision.unmsm.edu.pe/admisionsabado/A/015/4.html]
[www.admision.unmsm.edu.pe/admisionsabado/A/015/2.html]
[www.admision.unmsm.edu.pe/admisionsabado/A/041/3.html]
[www.admision.unmsm.edu.pe/admisionsabado/A/041/2.html]
[www.admision.unmsm.edu.pe/admisionsabado/A/041/4.html]
[www.admision.unmsm.edu.pe/admisionsabado/A/051/3.html]
[www.admision.unmsm.edu.pe/admisionsabado/A/041/5.html]
[www.admision.unmsm.edu.pe/admisionsabado/A/051/2.html]
[www.admision.unmsm.edu.pe/admisionsabado/A/051/6.html]
[www.admision.unmsm.edu.pe/admisionsabado/A/051/4.html]
[www.admision.unmsm.edu.pe/admisionsabado/A/071/1.html]
[www.admision.unmsm.edu.pe/admisionsabado/A/071/3.html]
[www.admision.unmsm.edu.pe/admisionsabado/A/072/1.html]
[www.admision.unmsm.edu.pe/admisionsabado/A/051/5.html]
[www.admision.unmsm.edu.pe/admisionsabado/A/072/2.html]
[www.admision.unmsm.edu.pe/admisionsabado/A/072/5.html]
[www.admision.unmsm.edu.pe/admisionsabado/A/072/3.html]
[www.admision.unmsm.edu.pe/admisionsabado/A/071/2.html]
[www.admision.unmsm.edu.pe/admisionsabado/A/073/1.html]
[www.admision.unmsm.edu.pe/admisionsabado/A/072/7.html]
[www.admision.unmsm.edu.pe/admisionsabado/A/073/3.html]
[www.admision.unmsm.edu.pe/admisionsabado/A/081/1.html]
[www.admision.unmsm.edu.pe/admisionsabado/A/081/2.html]
[www.admision.unmsm.edu.pe/admisionsabado/A/081/4.html]
[www.admision.unmsm.edu.pe/admisionsabado/A/081/5.html]
[www.admision.unmsm.edu.pe/admisionsabado/A/072/8.html]
[www.admision.unmsm.edu.pe/admisionsabado/A/101/1.html]
[www.admision.unmsm.edu.pe/admisionsabado/A/081/7.html]
[www.admision.unmsm.edu.pe/admisionsabado/A/101/4.html]
[www.admision.unmsm.edu.pe/admisionsabado/A/102/1.html]
[www.admision.unmsm.edu.pe/admisionsabado/A/101/3.html]
[www.admision.unmsm.edu.pe/admisionsabado/A/131/1.html]
[www.admision.unmsm.edu.pe/admisionsabado/A/101/2.html]
[www.admision.unmsm.edu.pe/admisionsabado/A/132/1.html]
[www.admision.unmsm.edu.pe/admisionsabado/A/132/2.html]
[www.admision.unmsm.edu.pe/admisionsabado/A/103/1.html]
[www.admision.unmsm.edu.pe/admisionsabado/A/102/2.html]
[www.admision.unmsm.edu.pe/admisionsabado/A/132/5.html]
[www.admision.unmsm.edu.pe/admisionsabado/A/132/6.html]
[www.admision.unmsm.edu.pe/admisionsabado/A/144/1.html]
[www.admision.unmsm.edu.pe/admisionsabado/A/144/2.html]
[www.admision.unmsm.edu.pe/admisionsabado/A/162/1.html]
[www.admision.unmsm.edu.pe/admisionsabado/A/145/1.html]
[www.admision.unmsm.edu.pe/admisionsabado/A/162/5.html]
[www.admision.unmsm.edu.pe/admisionsabado/A/162/7.html]
[www.admision.unmsm.edu.pe/admisionsabado/A/162/2.html]
[www.admision.unmsm.edu.pe/admisionsabado/A/163/1.html]
[www.admision.unmsm.edu.pe/admisionsabado/A/163/2.html]
[www.admision.unmsm.edu.pe/admisionsabado/A/163/3.html]
[www.admision.unmsm.edu.pe/admisionsabado/A/162/4.html]
[www.admision.unmsm.edu.pe/admisionsabado/A/165/2.html]
[www.admision.unmsm.edu.pe/admisionsabado/A/165/1.html]
[www.admision.unmsm.edu.pe/admisionsabado/A/163/4.html]
[www.admision.unmsm.edu.pe/admisionsabado/A/165/4.html]
[www.admision.unmsm.edu.pe/admisionsabado/A/165/6.html]
[www.admision.unmsm.edu.pe/admisionsabado/A/165/3.html]
[www.admision.unmsm.edu.pe/admisionsabado/A/165/9.html]
[www.admision.unmsm.edu.pe/admisionsabado/A/165/10.html]
[www.admision.unmsm.edu.pe/admisionsabado/A/166/1.html]
[www.admision.unmsm.edu.pe/admisionsabado/A/166/3.html]
[www.admision.unmsm.edu.pe/admisionsabado/A/165/7.html]
[www.admision.unmsm.edu.pe/admisionsabado/A/167/2.html]
[www.admision.unmsm.edu.pe/admisionsabado/A/167/3.html]
[www.admision.unmsm.edu.pe/admisionsabado/A/167/4.html]
[www.admision.unmsm.edu.pe/admisionsabado/A/167/1.html]
[www.admision.unmsm.edu.pe/admisionsabado/A/167/5.html]
[www.admision.unmsm.edu.pe/admisionsabado/A/167/6.html]
[www.admision.unmsm.edu.pe/admisionsabado/A/167/8.html]
[www.admision.unmsm.edu.pe/admisionsabado/A/167/9.html]
[www.admision.unmsm.edu.pe/admisionsabado/A/167/10.html]
[www.admision.unmsm.edu.pe/admisionsabado/A/167/11.html]
[www.admision.unmsm.edu.pe/admisionsabado/A/167/14.html]
[www.admision.unmsm.edu.pe/admisionsabado/A/167/13.html]
[www.admision.unmsm.edu.pe/admisionsabado/A/167/7.html]
[www.admision.unmsm.edu.pe/admisionsabado/A/167/16.html]
[www.admision.unmsm.edu.pe/admisionsabado/A/167/17.html]
[www.admision.unmsm.edu.pe/admisionsabado/A/167/18.html]
[www.admision.unmsm.edu.pe/admisionsabado/A/167/20.html]
[www.admision.unmsm.edu.pe/admisionsabado/A/167/21.html]
[www.admision.unmsm.edu.pe/admisionsabado/A/167/23.html]
[www.admision.unmsm.edu.pe/admisionsabado/A/167/26.html]
[www.admision.unmsm.edu.pe/admisionsabado/A/167/27.html]
[www.admision.unmsm.edu.pe/admisionsabado/A/171/1.html]
[www.admision.unmsm.edu.pe/admisionsabado/A/171/2.html]
[www.admision.unmsm.edu.pe/admisionsabado/A/171/4.html]
[www.admision.unmsm.edu.pe/admisionsabado/A/171/5.html]
[www.admision.unmsm.edu.pe/admisionsabado/A/171/6.html]
[www.admision.unmsm.edu.pe/admisionsabado/A/171/9.html]
[www.admision.unmsm.edu.pe/admisionsabado/A/171/3.html]
[www.admision.unmsm.edu.pe/admisionsabado/A/171/11.html]
[www.admision.unmsm.edu.pe/admisionsabado/A/171/13.html]
[www.admision.unmsm.edu.pe/admisionsabado/A/171/14.html]
[www.admision.unmsm.edu.pe/admisionsabado/A/171/8.html]
[www.admision.unmsm.edu.pe/admisionsabado/A/171/15.html]
[www.admision.unmsm.edu.pe/admisionsabado/A/171/18.html]
[www.admision.unmsm.edu.pe/admisionsabado/A/171/16.html]
[www.admision.unmsm.edu.pe/admisionsabado/A/171/20.html]
[www.admision.unmsm.edu.pe/admisionsabado/A/171/21.html]
[www.admision.unmsm.edu.pe/admisionsabado/A/171/22.html]
[www.admision.unmsm.edu.pe/admisionsabado/A/171/12.html]
[www.admision.unmsm.edu.pe/admisionsabado/A/171/17.html]
[www.admision.unmsm.edu.pe/admisionsabado/A/171/25.html]
[www.admision.unmsm.edu.pe/admisionsabado/A/171/23.html]
[www.admision.unmsm.edu.pe/admisionsabado/A/171/27.html]
[www.admision.unmsm.edu.pe/admisionsabado/A/171/19.html]
[www.admision.unmsm.edu.pe/admisionsabado/A/171/29.html]
[www.admision.unmsm.edu.pe/admisionsabado/A/171/28.html]
[www.admision.unmsm.edu.pe/admisionsabado/A/171/33.html]
[www.admision.unmsm.edu.pe/admisionsabado/A/171/34.html]
[www.admision.unmsm.edu.pe/admisionsabado/A/171/35.html]
[www.admision.unmsm.edu.pe/admisionsabado/A/171/30.html]
[www.admision.unmsm.edu.pe/admisionsabado/A/171/32.html]
[www.admision.unmsm.edu.pe/admisionsabado/A/172/3.html]
[www.admision.unmsm.edu.pe/admisionsabado/A/181/1.html]
[www.admision.unmsm.edu.pe/admisionsabado/A/181/4.html]
[www.admision.unmsm.edu.pe/admisionsabado/A/181/5.html]
[www.admision.unmsm.edu.pe/admisionsabado/A/172/4.html]
[www.admision.unmsm.edu.pe/admisionsabado/A/181/7.html]
[www.admision.unmsm.edu.pe/admisionsabado/A/181/8.html]
[www.admision.unmsm.edu.pe/admisionsabado/A/181/10.html]
[www.admision.unmsm.edu.pe/admisionsabado/A/181/11.html]
[www.admision.unmsm.edu.pe/admisionsabado/A/181/12.html]
[www.admision.unmsm.edu.pe/admisionsabado/A/181/6.html]
[www.admision.unmsm.edu.pe/admisionsabado/A/181/9.html]
[www.admision.unmsm.edu.pe/admisionsabado/A/181/15.html]
[www.admision.unmsm.edu.pe/admisionsabado/A/181/16.html]
[www.admision.unmsm.edu.pe/admisionsabado/A/181/21.html]
[www.admision.unmsm.edu.pe/admisionsabado/A/181/17.html]
[www.admision.unmsm.edu.pe/admisionsabado/A/181/18.html]
[www.admision.unmsm.edu.pe/admisionsabado/A/191/2.html]
[www.admision.unmsm.edu.pe/admisionsabado/A/191/4.html]
[www.admision.unmsm.edu.pe/admisionsabado/A/191/5.html]
[www.admision.unmsm.edu.pe/admisionsabado/A/191/1.html]
[www.admision.unmsm.edu.pe/admisionsabado/A/191/10.html]
[www.admision.unmsm.edu.pe/admisionsabado/A/191/11.html]
[www.admision.unmsm.edu.pe/admisionsabado/A/192/1.html]
[www.admision.unmsm.edu.pe/admisionsabado/A/192/3.html]
[www.admision.unmsm.edu.pe/admisionsabado/A/192/5.html]
[www.admision.unmsm.edu.pe/admisionsabado/A/193/1.html]
[www.admision.unmsm.edu.pe/admisionsabado/A/193/2.html]
[www.admision.unmsm.edu.pe/admisionsabado/A/193/4.html]
[www.admision.unmsm.edu.pe/admisionsabado/A/192/4.html]
[www.admision.unmsm.edu.pe/admisionsabado/A/193/3.html]
[www.admision.unmsm.edu.pe/admisionsabado/A/193/5.html]
[www.admision.unmsm.edu.pe/admisionsabado/A/201/2.html]
[www.admision.unmsm.edu.pe/admisionsabado/A/201/6.html]
[www.admision.unmsm.edu.pe/admisionsabado/A/201/3.html]
[www.admision.unmsm.edu.pe/admisionsabado/A/201/8.html]
[www.admision.unmsm.edu.pe/admisionsabado/A/201/9.html]
[www.admision.unmsm.edu.pe/admisionsabado/A/201/10.html]
[www.admision.unmsm.edu.pe/admisionsabado/A/201/11.html]
[www.admision.unmsm.edu.pe/admisionsabado/A/201/13.html]
[www.admision.unmsm.edu.pe/admisionsabado/A/201/16.html]
[www.admision.unmsm.edu.pe/admisionsabado/A/201/12.html]
[www.admision.unmsm.edu.pe/admisionsabado/A/201/19.html]
[www.admision.unmsm.edu.pe/admisionsabado/A/201/14.html]
[www.admision.unmsm.edu.pe/admisionsabado/A/202/1.html]
[www.admision.unmsm.edu.pe/admisionsabado/A/201/18.html]
[www.admision.unmsm.edu.pe/admisionsabado/A/202/2.html]
[www.admision.unmsm.edu.pe/admisionsabado/A/202/5.html]
[www.admision.unmsm.edu.pe/admisionsabado/A/202/6.html]
[www.admision.unmsm.edu.pe/admisionsabado/A/011/26.html]
[www.admision.unmsm.edu.pe/admisionsabado/A/011/27.html]
[www.admision.unmsm.edu.pe/admisionsabado/A/011/28.html]
[www.admision.unmsm.edu.pe/admisionsabado/A/011/30.html]
[www.admision.unmsm.edu.pe/admisionsabado/A/011/23.html]
[www.admision.unmsm.edu.pe/admisionsabado/A/011/33.html]
[www.admision.unmsm.edu.pe/admisionsabado/A/202/7.html]
[www.admision.unmsm.edu.pe/admisionsabado/A/011/36.html]
[www.admision.unmsm.edu.pe/admisionsabado/A/011/39.html]
[www.admision.unmsm.edu.pe/admisionsabado/A/013/6.html]
[www.admision.unmsm.edu.pe/admisionsabado/A/0142/2.html]
[www.admision.unmsm.edu.pe/admisionsabado/A/0144/1.html]
[www.admision.unmsm.edu.pe/admisionsabado/A/015/2.html]
[www.admision.unmsm.edu.pe/admisionsabado/A/0143/2.html]
[www.admision.unmsm.edu.pe/admisionsabado/A/015/3.html]
[www.admision.unmsm.edu.pe/admisionsabado/A/041/2.html]
[www.admision.unmsm.edu.pe/admisionsabado/A/041/4.html]
[www.admision.unmsm.edu.pe/admisionsabado/A/041/5.html]
[www.admision.unmsm.edu.pe/admisionsabado/A/051/2.html]
[www.admision.unmsm.edu.pe/admisionsabado/A/051/4.html]
[www.admision.unmsm.edu.pe/admisionsabado/A/051/5.html]
[www.admision.unmsm.edu.pe/admisionsabado/A/051/6.html]
[www.admision.unmsm.edu.pe/admisionsabado/A/015/6.html]
[www.admision.unmsm.edu.pe/admisionsabado/A/071/2.html]
[www.admision.unmsm.edu.pe/admisionsabado/A/072/2.html]
[www.admision.unmsm.edu.pe/admisionsabado/A/072/3.html]
[www.admision.unmsm.edu.pe/admisionsabado/A/041/1.html]
[www.admision.unmsm.edu.pe/admisionsabado/A/072/7.html]
[www.admision.unmsm.edu.pe/admisionsabado/A/072/8.html]
[www.admision.unmsm.edu.pe/admisionsabado/A/081/7.html]
[www.admision.unmsm.edu.pe/admisionsabado/A/101/2.html]
[www.admision.unmsm.edu.pe/admisionsabado/A/101/3.html]
[www.admision.unmsm.edu.pe/admisionsabado/A/102/2.html]
[www.admision.unmsm.edu.pe/admisionsabado/A/103/1.html]
[www.admision.unmsm.edu.pe/admisionsabado/A/132/1.html]
[www.admision.unmsm.edu.pe/admisionsabado/A/081/3.html]
[www.admision.unmsm.edu.pe/admisionsabado/A/132/5.html]
[www.admision.unmsm.edu.pe/admisionsabado/A/141/1.html]
[www.admision.unmsm.edu.pe/admisionsabado/A/132/4.html]
[www.admision.unmsm.edu.pe/admisionsabado/A/141/2.html]
[www.admision.unmsm.edu.pe/admisionsabado/A/145/1.html]
[www.admision.unmsm.edu.pe/admisionsabado/A/162/2.html]
[www.admision.unmsm.edu.pe/admisionsabado/A/162/4.html]
[www.admision.unmsm.edu.pe/admisionsabado/A/142/1.html]
[www.admision.unmsm.edu.pe/admisionsabado/A/163/4.html]
[www.admision.unmsm.edu.pe/admisionsabado/A/165/1.html]
[www.admision.unmsm.edu.pe/admisionsabado/A/165/3.html]
[www.admision.unmsm.edu.pe/admisionsabado/A/165/7.html]
[www.admision.unmsm.edu.pe/admisionsabado/A/166/2.html]
[www.admision.unmsm.edu.pe/admisionsabado/A/167/1.html]
[www.admision.unmsm.edu.pe/admisionsabado/A/167/7.html]
[www.admision.unmsm.edu.pe/admisionsabado/A/165/8.html]
[www.admision.unmsm.edu.pe/admisionsabado/A/167/13.html]
[www.admision.unmsm.edu.pe/admisionsabado/A/167/18.html]
[www.admision.unmsm.edu.pe/admisionsabado/A/167/22.html]
[www.admision.unmsm.edu.pe/admisionsabado/A/167/12.html]
[www.admision.unmsm.edu.pe/admisionsabado/A/167/19.html]
[www.admision.unmsm.edu.pe/admisionsabado/A/171/3.html]
[www.admision.unmsm.edu.pe/admisionsabado/A/167/15.html]
[www.admision.unmsm.edu.pe/admisionsabado/A/171/8.html]
[www.admision.unmsm.edu.pe/admisionsabado/A/171/12.html]
[www.admision.unmsm.edu.pe/admisionsabado/A/171/15.html]
[www.admision.unmsm.edu.pe/admisionsabado/A/171/16.html]
[www.admision.unmsm.edu.pe/admisionsabado/A/171/17.html]
[www.admision.unmsm.edu.pe/admisionsabado/A/171/19.html]
[www.admision.unmsm.edu.pe/admisionsabado/A/171/23.html]
[www.admision.unmsm.edu.pe/admisionsabado/A/171/7.html]
[www.admision.unmsm.edu.pe/admisionsabado/A/171/28.html]
[www.admision.unmsm.edu.pe/admisionsabado/A/171/30.html]
[www.admision.unmsm.edu.pe/admisionsabado/A/171/32.html]
[www.admision.unmsm.edu.pe/admisionsabado/A/171/24.html]
[www.admision.unmsm.edu.pe/admisionsabado/A/171/37.html]
[www.admision.unmsm.edu.pe/admisionsabado/A/172/3.html]
[www.admision.unmsm.edu.pe/admisionsabado/A/172/4.html]
[www.admision.unmsm.edu.pe/admisionsabado/A/172/2.html]
[www.admision.unmsm.edu.pe/admisionsabado/A/181/6.html]
[www.admision.unmsm.edu.pe/admisionsabado/A/181/9.html]
[www.admision.unmsm.edu.pe/admisionsabado/A/181/14.html]
[www.admision.unmsm.edu.pe/admisionsabado/A/181/3.html]
[www.admision.unmsm.edu.pe/admisionsabado/A/181/17.html]
[www.admision.unmsm.edu.pe/admisionsabado/A/181/18.html]
[www.admision.unmsm.edu.pe/admisionsabado/A/191/1.html]
[www.admision.unmsm.edu.pe/admisionsabado/A/191/8.html]
[www.admision.unmsm.edu.pe/admisionsabado/A/192/4.html]
[www.admision.unmsm.edu.pe/admisionsabado/A/193/3.html]
[www.admision.unmsm.edu.pe/admisionsabado/A/193/5.html]
[www.admision.unmsm.edu.pe/admisionsabado/A/201/3.html]
[www.admision.unmsm.edu.pe/admisionsabado/A/192/2.html]
[www.admision.unmsm.edu.pe/admisionsabado/A/201/5.html]
[www.admision.unmsm.edu.pe/admisionsabado/A/201/12.html]
[www.admision.unmsm.edu.pe/admisionsabado/A/201/14.html]
[www.admision.unmsm.edu.pe/admisionsabado/A/201/4.html]
[www.admision.unmsm.edu.pe/admisionsabado/A/201/18.html]
[www.admision.unmsm.edu.pe/admisionsabado/A/202/2.html]
[www.admision.unmsm.edu.pe/admisionsabado/A/201/20.html]
[www.admision.unmsm.edu.pe/admisionsabado/A/202/7.html]
[www.admision.unmsm.edu.pe/admisionsabado/A/011/23.html]
[www.admision.unmsm.edu.pe/admisionsabado/A/0143/2.html]
[www.admision.unmsm.edu.pe/admisionsabado/A/015/6.html]
[www.admision.unmsm.edu.pe/admisionsabado/A/041/1.html]
[www.admision.unmsm.edu.pe/admisionsabado/A/081/3.html]
[www.admision.unmsm.edu.pe/admisionsabado/A/132/4.html]
[www.admision.unmsm.edu.pe/admisionsabado/A/141/1.html]
[www.admision.unmsm.edu.pe/admisionsabado/A/141/2.html]
[www.admision.unmsm.edu.pe/admisionsabado/A/142/1.html]
[www.admision.unmsm.edu.pe/admisionsabado/A/165/8.html]
[www.admision.unmsm.edu.pe/admisionsabado/A/166/2.html]
[www.admision.unmsm.edu.pe/admisionsabado/A/167/12.html]
[www.admision.unmsm.edu.pe/admisionsabado/A/167/15.html]
[www.admision.unmsm.edu.pe/admisionsabado/A/167/19.html]
[www.admision.unmsm.edu.pe/admisionsabado/A/167/22.html]
[www.admision.unmsm.edu.pe/admisionsabado/A/171/7.html]
[www.admision.unmsm.edu.pe/admisionsabado/A/171/24.html]
[www.admision.unmsm.edu.pe/admisionsabado/A/171/37.html]
[www.admision.unmsm.edu.pe/admisionsabado/A/172/2.html]
[www.admision.unmsm.edu.pe/admisionsabado/A/181/3.html]
[www.admision.unmsm.edu.pe/admisionsabado/A/181/14.html]
[www.admision.unmsm.edu.pe/admisionsabado/A/191/8.html]
[www.admision.unmsm.edu.pe/admisionsabado/A/192/2.html]
[www.admision.unmsm.edu.pe/admisionsabado/A/201/4.html]
[www.admision.unmsm.edu.pe/admisionsabado/A/201/5.html]
[www.admision.unmsm.edu.pe/admisionsabado/A/201/20.html]
